Brand: Dolo 650 Tablet
Composition: Paracetamol (650mg)
Manufacturer: Micro Labs Ltd
Price: ₹29.1
Uses: 
Side Effects: 
